POST /api/auth/register
POST /api/auth/login
POST /api/auth/refresh
POST /api/auth/logout
POST /api/auth/forgot-password
POST /api/auth/reset-password
POST /api/auth/ws-ticket
GET /api/users/me
PATCH /api/users/me/profile
POST /api/users/me/password
PUT /api/users/me/email
POST /api/users/me/avatar
POST /api/users/me/wallpaper
DELETE /api/users/me/wallpaper
GET /api/users/me/preferences
POST /api/users/me/dismiss-download-prompt
POST /api/users/me/dismiss-welcome
PATCH /api/users/me/preferences
GET /api/servers
POST /api/servers
POST /api/servers/join
PATCH /api/servers/reorder
GET /api/servers/mutes
GET /api/uploads/
GET /api/dms/settings
GET /api/dms
POST /api/dms
POST /api/dms/channels/{channelId}/hide
DELETE /api/dms/channels/{channelId}/hide
POST /api/dms/channels/{channelId}/pin-conversation
DELETE /api/dms/channels/{channelId}/pin-conversation
POST /api/dms/channels/{channelId}/mute
DELETE /api/dms/channels/{channelId}/mute
POST /api/dms/channels/{channelId}/accept
POST /api/dms/channels/{channelId}/decline
GET /api/dms/{channelId}/messages
POST /api/dms/{channelId}/messages
PATCH /api/dms/messages/{id}
DELETE /api/dms/messages/{id}
POST /api/dms/messages/{id}/reactions
POST /api/dms/messages/{id}/pin
DELETE /api/dms/messages/{id}/pin
GET /api/dms/{channelId}/pinned
GET /api/dms/{channelId}/search
PATCH /api/dms/channels/{channelId}/e2ee
GET /api/users/blocked
POST /api/users/{userId}/block
DELETE /api/users/{userId}/block
POST /api/users/{userId}/report
POST /api/client-log
POST /api/diagnostics-report
POST /api/feedback
GET /api/feedback
GET /api/feedback/{id}
POST /api/feedback/{id}/reply
DELETE /api/feedback/{id}
GET /api/devices
POST /api/devices
DELETE /api/devices/{deviceId}
POST /api/devices/{deviceId}/prekeys
PUT /api/devices/{deviceId}/signed-prekey
GET /api/devices/{deviceId}/prekey-count
PUT /api/e2ee/key-backup
GET /api/e2ee/key-backup
DELETE /api/e2ee/key-backup
GET /api/users/{userId}/devices
GET /api/users/{userId}/prekey-bundles
GET /api/channels/mutes
GET /api/link-preview
GET /api/badges
POST /api/badges
POST /api/badges/icon
PATCH /api/badges/{id}
DELETE /api/badges/{id}
POST /api/badges/{id}/assign
DELETE /api/badges/{id}/assign/{userId}
GET /api/users/{userId}/badges
GET /api/gifs/trending
GET /api/gifs/search
GET /api/friends/requests
POST /api/friends/requests
POST /api/friends/requests/{id}/accept
DELETE /api/friends/requests/{id}
GET /api/friends
DELETE /api/friends/{userId}
POST /api/bots
GET /api/bots
POST /api/bots/{botID}/revoke
GET /api/admin/livekit/quota
GET /api/admin/livekit-instances
GET /api/admin/livekit-instances/{id}/metrics/timeseries
GET /api/admin/livekit-instances/{id}/metrics/history
GET /api/admin/livekit-instances/{id}/metrics
PATCH /api/admin/livekit-instances/{id}/quota
GET /api/admin/livekit-instances/{id}
POST /api/admin/livekit-instances
PATCH /api/admin/livekit-instances/{id}
DELETE /api/admin/livekit-instances/{id}
GET /api/admin/servers
PATCH /api/admin/servers/{serverId}/instance
DELETE /api/admin/servers/{serverId}
GET /api/admin/reports
PATCH /api/admin/reports/{id}/status
GET /api/admin/feedback
GET /api/admin/feedback/{id}
POST /api/admin/feedback/{id}/reply
PATCH /api/admin/feedback/{id}/status
GET /api/admin/users
POST /api/admin/users/{id}/ban
DELETE /api/admin/users/{id}/ban
DELETE /api/admin/users/{id}
PATCH /api/admin/users/{id}/platform-admin
GET /api/admin/logs
DELETE /api/admin/logs
POST /api/livekit/webhook
GET /api/stats
GET /api/invites/{code}/preview
GET /api/servers/{serverId}
PATCH /api/servers/{serverId}
DELETE /api/servers/{serverId}
POST /api/servers/{serverId}/leave
POST /api/servers/{serverId}/icon
POST /api/servers/{serverId}/mute
DELETE /api/servers/{serverId}/mute
POST /api/servers/{serverId}/channels/{id}/mute
DELETE /api/servers/{serverId}/channels/{id}/mute
GET /api/servers/{serverId}/livekit
GET /api/servers/{serverId}/audit
GET /api/servers/{serverId}/channels
POST /api/servers/{serverId}/channels
PATCH /api/servers/{serverId}/channels/reorder
PATCH /api/servers/{serverId}/channels/{id}
DELETE /api/servers/{serverId}/channels/{id}
GET /api/servers/{serverId}/categories
POST /api/servers/{serverId}/categories
PATCH /api/servers/{serverId}/categories/{id}
DELETE /api/servers/{serverId}/categories/{id}
PATCH /api/servers/{serverId}/categories/reorder
GET /api/servers/{serverId}/channels/{id}/messages
POST /api/servers/{serverId}/channels/{id}/messages
PATCH /api/servers/{serverId}/messages/{id}
DELETE /api/servers/{serverId}/messages/{id}
POST /api/servers/{serverId}/messages/{messageId}/reactions
GET /api/servers/{serverId}/channels/{id}/pins
POST /api/servers/{serverId}/channels/{channelId}/messages/{messageId}/pin
DELETE /api/servers/{serverId}/channels/{channelId}/messages/{messageId}/pin
POST /api/servers/{serverId}/channels/read-all
GET /api/servers/{serverId}/channels/unread
POST /api/servers/{serverId}/channels/{id}/read
GET /api/servers/{serverId}/members
GET /api/servers/{serverId}/members/{id}
PATCH /api/servers/{serverId}/members/{id}/roles
DELETE /api/servers/{serverId}/members/{id}
POST /api/servers/{serverId}/members/{id}/ban
PUT /api/servers/{serverId}/members/{id}/timeout
DELETE /api/servers/{serverId}/members/{id}/timeout
PATCH /api/servers/{serverId}/members/{id}/nickname
GET /api/servers/{serverId}/bans
DELETE /api/servers/{serverId}/bans/{id}
GET /api/servers/{serverId}/roles
POST /api/servers/{serverId}/roles
PATCH /api/servers/{serverId}/roles/reorder
PATCH /api/servers/{serverId}/roles/{id}
DELETE /api/servers/{serverId}/roles/{id}
GET /api/servers/{serverId}/channels/{id}/permissions
PUT /api/servers/{serverId}/channels/{channelId}/permissions/{roleId}
DELETE /api/servers/{serverId}/channels/{channelId}/permissions/{roleId}
GET /api/servers/{serverId}/invites
POST /api/servers/{serverId}/invites
DELETE /api/servers/{serverId}/invites/{code}
POST /api/servers/{serverId}/channels/{channelId}/group-sessions
GET /api/servers/{serverId}/channels/{channelId}/group-sessions
GET /api/servers/{serverId}/search
POST /api/servers/{serverId}/voice/token
POST /api/servers/{serverId}/voice/screen-token
GET /api/servers/{serverId}/voice/states
POST /api/servers/{serverId}/channels/{channelId}/music/play
POST /api/servers/{serverId}/channels/{channelId}/music/skip
POST /api/servers/{serverId}/channels/{channelId}/music/pause
POST /api/servers/{serverId}/channels/{channelId}/music/resume
POST /api/servers/{serverId}/channels/{channelId}/music/stop
GET /api/servers/{serverId}/channels/{channelId}/music/state
GET /api/servers/{serverId}/soundboard/sounds
POST /api/servers/{serverId}/soundboard/sounds
PATCH /api/servers/{serverId}/soundboard/sounds/{soundId}
DELETE /api/servers/{serverId}/soundboard/sounds/{soundId}
POST /api/servers/{serverId}/soundboard/sounds/{soundId}/play
GET /ws
GET /api/bot/gateway
